{"type": "Running", "start_time": "Fri, 29 Nov 2013 07:30:54", "heart_rate": [{"timestamp": 0.0, "heart_rate": 255}, {"timestamp": 4.0, "heart_rate": 255}, {"timestamp": 10.0, "heart_rate": 255}, {"timestamp": 14.0, "heart_rate": 255}, {"timestamp": 15.0, "heart_rate": 255}, {"timestamp": 21.0, "heart_rate": 255}, {"timestamp": 25.0, "heart_rate": 255}, {"timestamp": 28.0, "heart_rate": 255}, {"timestamp": 30.0, "heart_rate": 255}, {"timestamp": 35.0, "heart_rate": 255}, {"timestamp": 40.0, "heart_rate": 255}, {"timestamp": 46.0, "heart_rate": 255}, {"timestamp": 52.0, "heart_rate": 255}, {"timestamp": 57.0, "heart_rate": 255}, {"timestamp": 58.0, "heart_rate": 255}, {"timestamp": 61.0, "heart_rate": 255}, {"timestamp": 67.0, "heart_rate": 255}, {"timestamp": 68.0, "heart_rate": 255}, {"timestamp": 73.0, "heart_rate": 255}, {"timestamp": 78.0, "heart_rate": 255}, {"timestamp": 79.0, "heart_rate": 255}, {"timestamp": 86.0, "heart_rate": 255}, {"timestamp": 92.0, "heart_rate": 255}, {"timestamp": 98.0, "heart_rate": 255}, {"timestamp": 103.0, "heart_rate": 255}, {"timestamp": 107.0, "heart_rate": 255}, {"timestamp": 110.0, "heart_rate": 255}, {"timestamp": 113.0, "heart_rate": 255}, {"timestamp": 117.0, "heart_rate": 255}, {"timestamp": 122.0, "heart_rate": 255}, {"timestamp": 123.0, "heart_rate": 255}, {"timestamp": 127.0, "heart_rate": 255}, {"timestamp": 130.0, "heart_rate": 255}, {"timestamp": 133.0, "heart_rate": 255}, {"timestamp": 136.0, "heart_rate": 255}, {"timestamp": 137.0, "heart_rate": 255}, {"timestamp": 143.0, "heart_rate": 255}, {"timestamp": 147.0, "heart_rate": 255}, {"timestamp": 151.0, "heart_rate": 255}, {"timestamp": 157.0, "heart_rate": 255}, {"timestamp": 158.0, "heart_rate": 255}, {"timestamp": 162.0, "heart_rate": 255}, {"timestamp": 163.0, "heart_rate": 255}, {"timestamp": 169.0, "heart_rate": 255}, {"timestamp": 174.0, "heart_rate": 255}, {"timestamp": 179.0, "heart_rate": 255}, {"timestamp": 183.0, "heart_rate": 255}, {"timestamp": 189.0, "heart_rate": 255}, {"timestamp": 195.0, "heart_rate": 255}, {"timestamp": 201.0, "heart_rate": 255}, {"timestamp": 205.0, "heart_rate": 255}, {"timestamp": 212.0, "heart_rate": 255}, {"timestamp": 219.0, "heart_rate": 255}, {"timestamp": 223.0, "heart_rate": 255}, {"timestamp": 229.0, "heart_rate": 255}, {"timestamp": 233.0, "heart_rate": 255}, {"timestamp": 237.0, "heart_rate": 255}, {"timestamp": 242.0, "heart_rate": 255}, {"timestamp": 245.0, "heart_rate": 255}, {"timestamp": 250.0, "heart_rate": 255}, {"timestamp": 252.0, "heart_rate": 255}, {"timestamp": 258.0, "heart_rate": 255}, {"timestamp": 263.0, "heart_rate": 255}, {"timestamp": 267.0, "heart_rate": 255}, {"timestamp": 273.0, "heart_rate": 255}, {"timestamp": 279.0, "heart_rate": 255}, {"timestamp": 284.0, "heart_rate": 255}, {"timestamp": 290.0, "heart_rate": 255}, {"timestamp": 296.0, "heart_rate": 255}, {"timestamp": 299.0, "heart_rate": 255}, {"timestamp": 303.0, "heart_rate": 255}, {"timestamp": 305.0, "heart_rate": 255}, {"timestamp": 307.0, "heart_rate": 255}, {"timestamp": 312.0, "heart_rate": 255}, {"timestamp": 317.0, "heart_rate": 255}, {"timestamp": 321.0, "heart_rate": 255}, {"timestamp": 328.0, "heart_rate": 255}, {"timestamp": 334.0, "heart_rate": 255}, {"timestamp": 337.0, "heart_rate": 255}, {"timestamp": 340.0, "heart_rate": 255}], "total_distance": 1631.31, "duration": 561.27, "path": [{"latitude": 53.3183769, "timestamp": 0.0, "altitude": -44.2, "type": "start", "longitude": -6.269138111}, {"latitude": 53.31833675, "timestamp": 4.0, "altitude": -42.8, "type": "manual", "longitude": -6.269182619}, {"latitude": 53.3182189, "timestamp": 10.0, "altitude": -37.2, "type": "manual", "longitude": -6.269326536}, {"latitude": 53.31812276, "timestamp": 14.0, "altitude": -31.6, "type": "manual", "longitude": -6.269411696}, {"latitude": 53.31810306, "timestamp": 15.0, "altitude": -30.6, "type": "manual", "longitude": -6.269428376}, {"latitude": 53.31795168, "timestamp": 21.0, "altitude": -24.2, "type": "manual", "longitude": -6.26960624}, {"latitude": 53.31786568, "timestamp": 25.0, "altitude": -20.4, "type": "manual", "longitude": -6.269677151}, {"latitude": 53.31776284, "timestamp": 30.0, "altitude": -16.0, "type": "manual", "longitude": -6.269773124}, {"latitude": 53.31775077, "timestamp": 35.0, "altitude": -12.0, "type": "manual", "longitude": -6.270117452}, {"latitude": 53.31779251, "timestamp": 40.0, "altitude": -7.39999, "type": "manual", "longitude": -6.270402269}, {"latitude": 53.31785395, "timestamp": 46.0, "altitude": -2.0, "type": "manual", "longitude": -6.270707538}, {"latitude": 53.31791203, "timestamp": 52.0, "altitude": 3.20001, "type": "manual", "longitude": -6.270998223}, {"latitude": 53.31796006, "timestamp": 57.0, "altitude": 7.0, "type": "manual", "longitude": -6.271221181}, {"latitude": 53.31797649, "timestamp": 58.0, "altitude": 7.60001, "type": "manual", "longitude": -6.271253787}, {"latitude": 53.31801354, "timestamp": 61.0, "altitude": 9.79999, "type": "manual", "longitude": -6.271371804}, {"latitude": 53.31808026, "timestamp": 67.0, "altitude": 13.4, "type": "manual", "longitude": -6.271619657}, {"latitude": 53.31809191, "timestamp": 68.0, "altitude": 13.8, "type": "manual", "longitude": -6.271661147}, {"latitude": 53.31814262, "timestamp": 73.0, "altitude": 16.2, "type": "manual", "longitude": -6.271856027}, {"latitude": 53.31822736, "timestamp": 78.0, "altitude": 18.2, "type": "manual", "longitude": -6.272006817}, {"latitude": 53.31825268, "timestamp": 79.0, "altitude": 18.6, "type": "manual", "longitude": -6.271993993}, {"latitude": 53.31843808, "timestamp": 86.0, "altitude": 21.0, "type": "manual", "longitude": -6.271854602}, {"latitude": 53.31859231, "timestamp": 92.0, "altitude": 22.2, "type": "manual", "longitude": -6.271770867}, {"latitude": 53.3187426, "timestamp": 98.0, "altitude": 23.8, "type": "manual", "longitude": -6.271710517}, {"latitude": 53.31888283, "timestamp": 103.0, "altitude": 25.0, "type": "manual", "longitude": -6.271709763}, {"latitude": 53.31901233, "timestamp": 107.0, "altitude": 25.6, "type": "manual", "longitude": -6.271642875}, {"latitude": 53.31909908, "timestamp": 110.0, "altitude": 26.4, "type": "manual", "longitude": -6.271648156}, {"latitude": 53.31917955, "timestamp": 113.0, "altitude": 27.0, "type": "manual", "longitude": -6.27161161}, {"latitude": 53.3192658, "timestamp": 117.0, "altitude": 27.6, "type": "manual", "longitude": -6.271510608}, {"latitude": 53.31936336, "timestamp": 122.0, "altitude": 28.2, "type": "manual", "longitude": -6.271464173}, {"latitude": 53.31938507, "timestamp": 123.0, "altitude": 28.2, "type": "manual", "longitude": -6.27147004}, {"latitude": 53.31946679, "timestamp": 127.0, "altitude": 28.8, "type": "manual", "longitude": -6.271446655}, {"latitude": 53.31950988, "timestamp": 130.0, "altitude": 29.4, "type": "manual", "longitude": -6.271445062}, {"latitude": 53.3195491, "timestamp": 133.0, "altitude": 29.8, "type": "manual", "longitude": -6.271442883}, {"latitude": 53.31963929, "timestamp": 136.0, "altitude": 30.2, "type": "manual", "longitude": -6.271437686}, {"latitude": 53.31967928, "timestamp": 137.0, "altitude": 30.2, "type": "manual", "longitude": -6.271421844}, {"latitude": 53.31987952, "timestamp": 143.0, "altitude": 30.6, "type": "manual", "longitude": -6.271341126}, {"latitude": 53.31998664, "timestamp": 147.0, "altitude": 30.8, "type": "manual", "longitude": -6.271345485}, {"latitude": 53.32011262, "timestamp": 151.0, "altitude": 31.4, "type": "manual", "longitude": -6.271417318}, {"latitude": 53.32026986, "timestamp": 157.0, "altitude": 32.2, "type": "manual", "longitude": -6.271543382}, {"latitude": 53.32028923, "timestamp": 158.0, "altitude": 32.2, "type": "manual", "longitude": -6.271571293}, {"latitude": 53.3203505, "timestamp": 162.0, "altitude": 32.4, "type": "manual", "longitude": -6.271717474}, {"latitude": 53.32034932, "timestamp": 163.0, "altitude": 32.6, "type": "manual", "longitude": -6.271770112}, {"latitude": 53.32028227, "timestamp": 169.0, "altitude": 32.8, "type": "manual", "longitude": -6.272044703}, {"latitude": 53.32022569, "timestamp": 174.0, "altitude": 32.8, "type": "manual", "longitude": -6.272269841}, {"latitude": 53.32017054, "timestamp": 179.0, "altitude": 32.8, "type": "manual", "longitude": -6.27246975}, {"latitude": 53.32012041, "timestamp": 183.0, "altitude": 33.2, "type": "manual", "longitude": -6.272638394}, {"latitude": 53.32006224, "timestamp": 189.0, "altitude": 34.0, "type": "manual", "longitude": -6.272877278}, {"latitude": 53.32000072, "timestamp": 195.0, "altitude": 34.4, "type": "manual", "longitude": -6.273129322}, {"latitude": 53.31993467, "timestamp": 201.0, "altitude": 34.6, "type": "manual", "longitude": -6.273373906}, {"latitude": 53.31990257, "timestamp": 205.0, "altitude": 34.8, "type": "manual", "longitude": -6.273527462}, {"latitude": 53.31982546, "timestamp": 212.0, "altitude": 34.8, "type": "manual", "longitude": -6.273811189}, {"latitude": 53.31975278, "timestamp": 219.0, "altitude": 35.0, "type": "manual", "longitude": -6.274107574}, {"latitude": 53.31971574, "timestamp": 223.0, "altitude": 35.0, "type": "manual", "longitude": -6.274257442}, {"latitude": 53.31963234, "timestamp": 229.0, "altitude": 35.0, "type": "manual", "longitude": -6.274514766}, {"latitude": 53.31959202, "timestamp": 233.0, "altitude": 35.0, "type": "manual", "longitude": -6.274657762}, {"latitude": 53.31954692, "timestamp": 237.0, "altitude": 35.2, "type": "manual", "longitude": -6.274825316}, {"latitude": 53.31949454, "timestamp": 242.0, "altitude": 36.0, "type": "manual", "longitude": -6.275039976}, {"latitude": 53.31946755, "timestamp": 245.0, "altitude": 36.2, "type": "manual", "longitude": -6.275157658}, {"latitude": 53.31944718, "timestamp": 250.0, "altitude": 36.6, "type": "manual", "longitude": -6.275325045}, {"latitude": 53.31943737, "timestamp": 252.0, "altitude": 37.0, "type": "manual", "longitude": -6.275398387}, {"latitude": 53.31939555, "timestamp": 258.0, "altitude": 38.0, "type": "manual", "longitude": -6.275642384}, {"latitude": 53.31934794, "timestamp": 263.0, "altitude": 39.0, "type": "manual", "longitude": -6.275842125}, {"latitude": 53.31930368, "timestamp": 267.0, "altitude": 39.8, "type": "manual", "longitude": -6.276015714}, {"latitude": 53.3192254, "timestamp": 273.0, "altitude": 40.6, "type": "manual", "longitude": -6.276281253}, {"latitude": 53.31916287, "timestamp": 279.0, "altitude": 41.8, "type": "manual", "longitude": -6.276526004}, {"latitude": 53.31912062, "timestamp": 284.0, "altitude": 42.4, "type": "manual", "longitude": -6.276720213}, {"latitude": 53.31905717, "timestamp": 290.0, "altitude": 42.8, "type": "manual", "longitude": -6.276959013}, {"latitude": 53.31899925, "timestamp": 296.0, "altitude": 43.0, "type": "manual", "longitude": -6.277206447}, {"latitude": 53.3189674, "timestamp": 299.0, "altitude": 43.0, "type": "manual", "longitude": -6.277326895}, {"latitude": 53.3188959, "timestamp": 303.0, "altitude": 43.0, "type": "manual", "longitude": -6.277340557}, {"latitude": 53.31886036, "timestamp": 305.0, "altitude": 43.0, "type": "manual", "longitude": -6.277294373}, {"latitude": 53.31881787, "timestamp": 307.0, "altitude": 43.2, "type": "manual", "longitude": -6.277255816}, {"latitude": 53.31869868, "timestamp": 312.0, "altitude": 43.2, "type": "manual", "longitude": -6.277170237}, {"latitude": 53.31856775, "timestamp": 317.0, "altitude": 43.2, "type": "manual", "longitude": -6.277091112}, {"latitude": 53.31846742, "timestamp": 321.0, "altitude": 43.2, "type": "manual", "longitude": -6.277020117}, {"latitude": 53.31830615, "timestamp": 328.0, "altitude": 43.2, "type": "manual", "longitude": -6.276894053}, {"latitude": 53.31818537, "timestamp": 334.0, "altitude": 43.2, "type": "manual", "longitude": -6.276770001}, {"latitude": 53.31812242, "timestamp": 337.0, "altitude": 43.2, "type": "manual", "longitude": -6.276711244}, {"latitude": 53.31806132, "timestamp": 340.0, "altitude": 43.2, "type": "end", "longitude": -6.276657097}], "detect_pauses": false}